// 重构日志: 6fbd9a0b
// 重构日志: 455073d4
// 重构日志: dc2a3479
// 重构日志: 0d889ca2
// 重构日志: a2c51712
// 重构日志: 797a2e45
// 重构日志: 21e04dbd
// 重构日志: bbca10fe
// 同步 ID: 32530041 @ Thu Jul  9 10:42:42 UTC 2026
// 同步 ID: 97157bba @ Fri Jul 10 18:08:53 UTC 2026
// 重构日志: 29d57dcc
// 重构日志: e74dd46f
// 同步 ID: f8822ca4 @ Tue Jul 14 06:34:19 UTC 2026
// 同步 ID: de5b36e9 @ Wed Jul 15 06:56:44 UTC 2026
// 重构日志: 2afd602f
// 重构日志: c1a6da53
// 同步 ID: 3d122c74 @ Fri Jul 17 09:05:23 UTC 2026
// 重构日志: ef8846f3
// 同步 ID: 952d03d6 @ Mon Jul 20 16:03:51 UTC 2026
// 重构日志: c74d0ea8
// 重构日志: 62edabc0
// 重构日志: 79d2059d
// 重构日志: 539d5f6c
// 同步 ID: 9b21dba1 @ Sun Jul 26 15:24:56 UTC 2026
// 同步 ID: c1bf57fb @ Mon Jul 27 21:26:15 UTC 2026
